Component: ARM Compiler 5.05 update 1 (build 106) Tool: armlink [4d0efa]

==============================================================================

Section Cross References

    main.o(.text) refers to _printf_percent.o(.ARM.Collect$$_printf_percent$$00000000) for _printf_percent
    main.o(.text) refers to _printf_d.o(.ARM.Collect$$_printf_percent$$00000009) for _printf_d
    main.o(.text) refers to _printf_dec.o(.text) for _printf_int_dec
    main.o(.text) refers to _printf_pad.o(.text) for _printf_pre_padding
    main.o(.text) refers to _printf_x.o(.ARM.Collect$$_printf_percent$$0000000C) for _printf_x
    main.o(.text) refers to _printf_hex_int_ll_ptr.o(.text) for _printf_longlong_hex
    main.o(.text) refers to os_sem.o(.text) for OSSemPend
    main.o(.text) refers to os_flag.o(.text) for OSFlagPend
    main.o(.text) refers to __2printf.o(.text) for __2printf
    main.o(.text) refers to os_mutex.o(.text) for OSMutexPend
    main.o(.text) refers to delay.o(.text) for delay_ms
    main.o(.text) refers to oled.o(.text) for OLED_Clear
    main.o(.text) refers to os_task.o(.text) for OSTaskSuspend
    main.o(.text) refers to as608_fun.o(.text) for press_FR
    main.o(.text) refers to stm32f4xx_flash.o(.text) for FLASH_Unlock
    main.o(.text) refers to stm32f4xx_rtc.o(.text) for RTC_GetDate
    main.o(.text) refers to __2sprintf.o(.text) for __2sprintf
    main.o(.text) refers to flash.o(.text) for flash_write_record
    main.o(.text) refers to c89printf.o(.text) for __c89printf
    main.o(.text) refers to rt_memclr_w.o(.text) for __aeabi_memclr4
    main.o(.text) refers to rt_memcpy_w.o(.text) for __aeabi_memcpy4
    main.o(.text) refers to mfrc522.o(.text) for MFRC522_Initializtion
    main.o(.text) refers to main.o(.data) for .data
    main.o(.text) refers to main.o(.bss) for .bss
    main.o(.text) refers to rtc.o(.data) for RTC_DateStructure
    main.o(.text) refers to main.o(.constdata) for .constdata
    main.o(.text) refers to strcmpv7m.o(.text) for strcmp
    main.o(.text) refers to strlen.o(.text) for strlen
    main.o(.text) refers to os_q.o(.text) for OSQPend
    main.o(.text) refers to key.o(.text) for getpassword_key
    main.o(.text) refers to atoi.o(.text) for atoi
    main.o(.text) refers to rt_memclr.o(.text) for __aeabi_memclr
    main.o(.text) refers to strstr.o(.text) for strstr
    main.o(.text) refers to usart.o(.text) for usart3_send_str
    main.o(.text) refers to strtok.o(.text) for strtok
    main.o(.text) refers to as608.o(.text) for PS_HandShake
    main.o(.text) refers to as608.o(.data) for AS608Addr
    main.o(.text) refers to as608_fun.o(.data) for ValidN
    main.o(.text) refers to as608_fun.o(.bss) for AS608Para
    main.o(.text) refers to led.o(.text) for LED_Init
    main.o(.text) refers to buzzer.o(.text) for buzzer_Init
    main.o(.text) refers to usart2.o(.text) for usart2_init
    main.o(.text) refers to lock.o(.text) for lock_init
    main.o(.text) refers to misc.o(.text) for NVIC_PriorityGroupConfig
    main.o(.text) refers to rtc.o(.text) for rtc_init
    main.o(.text) refers to os_core.o(.text) for OSInit
    system_stm32f4xx.o(.text) refers to system_stm32f4xx.o(.data) for .data
    led.o(.text) refers to stm32f4xx_rcc.o(.text) for RCC_AHB1PeriphClockCmd
    led.o(.text) refers to stm32f4xx_gpio.o(.text) for GPIO_Init
    oled.o(.text) refers to stm32f4xx_gpio.o(.text) for GPIO_SetBits
    oled.o(.text) refers to stm32f4xx_rcc.o(.text) for RCC_AHB1PeriphClockCmd
    oled.o(.text) refers to delay.o(.text) for delay_ms
    oled.o(.text) refers to oled.o(.constdata) for .constdata
    oled.o(.text) refers to oled.o(.data) for .data
    rtc.o(.text) refers to stm32f4xx_rcc.o(.text) for RCC_APB1PeriphClockCmd
    rtc.o(.text) refers to stm32f4xx_pwr.o(.text) for PWR_BackupAccessCmd
    rtc.o(.text) refers to stm32f4xx_rtc.o(.text) for RTC_WaitForSynchro
    rtc.o(.text) refers to stm32f4xx_exti.o(.text) for EXTI_ClearITPendingBit
    rtc.o(.text) refers to misc.o(.text) for NVIC_Init
    rtc.o(.text) refers to os_core.o(.text) for OSIntEnter
    rtc.o(.text) refers to os_flag.o(.text) for OSFlagPost
    rtc.o(.text) refers to rtc.o(.bss) for .bss
    rtc.o(.text) refers to rtc.o(.data) for .data
    rtc.o(.text) refers to main.o(.bss) for g_flag_grp
    flash.o(.text) refers to _printf_truncate.o(.text) for _printf_truncate_signed
    flash.o(.text) refers to _printf_percent.o(.ARM.Collect$$_printf_percent$$00000000) for _printf_percent
    flash.o(.text) refers to _printf_d.o(.ARM.Collect$$_printf_percent$$00000009) for _printf_d
    flash.o(.text) refers to _printf_dec.o(.text) for _printf_int_dec
    flash.o(.text) refers to stm32f4xx_flash.o(.text) for FLASH_Unlock
    flash.o(.text) refers to __2printf.o(.text) for __2printf
    flash.o(.text) refers to rt_memclr_w.o(.text) for __aeabi_memclr4
    flash.o(.text) refers to strlen.o(.text) for strlen
    flash.o(.text) refers to rt_memclr.o(.text) for __aeabi_memclr
[...]
    PWR_ClearFlag                            0x08006719   Thumb Code    12  stm32f4xx_pwr.o(.text)
    FLASH_SetLatency                         0x08006731   Thumb Code     6  stm32f4xx_flash.o(.text)
    FLASH_PrefetchBufferCmd                  0x08006737   Thumb Code    22  stm32f4xx_flash.o(.text)
    FLASH_InstructionCacheCmd                0x0800674d   Thumb Code    22  stm32f4xx_flash.o(.text)
    FLASH_DataCacheCmd                       0x08006763   Thumb Code    22  stm32f4xx_flash.o(.text)
    FLASH_InstructionCacheReset              0x08006779   Thumb Code    12  stm32f4xx_flash.o(.text)
    FLASH_DataCacheReset                     0x08006785   Thumb Code    12  stm32f4xx_flash.o(.text)
    FLASH_Unlock                             0x08006791   Thumb Code    24  stm32f4xx_flash.o(.text)
    FLASH_Lock                               0x080067a9   Thumb Code    14  stm32f4xx_flash.o(.text)
    FLASH_GetStatus                          0x080067b7   Thumb Code    58  stm32f4xx_flash.o(.text)
    FLASH_WaitForLastOperation               0x080067f1   Thumb Code    30  stm32f4xx_flash.o(.text)
    FLASH_EraseSector                        0x0800680f   Thumb Code   106  stm32f4xx_flash.o(.text)
    FLASH_EraseAllSectors                    0x08006879   Thumb Code    88  stm32f4xx_flash.o(.text)
    FLASH_EraseAllBank1Sectors               0x080068d1   Thumb Code    88  stm32f4xx_flash.o(.text)
    FLASH_EraseAllBank2Sectors               0x08006929   Thumb Code    88  stm32f4xx_flash.o(.text)
    FLASH_ProgramDoubleWord                  0x08006981   Thumb Code    62  stm32f4xx_flash.o(.text)
    FLASH_ProgramWord                        0x080069bf   Thumb Code    58  stm32f4xx_flash.o(.text)
    FLASH_ProgramHalfWord                    0x080069f9   Thumb Code    58  stm32f4xx_flash.o(.text)
    FLASH_ProgramByte                        0x08006a33   Thumb Code    54  stm32f4xx_flash.o(.text)
    FLASH_OB_Unlock                          0x08006a69   Thumb Code    24  stm32f4xx_flash.o(.text)
    FLASH_OB_Lock                            0x08006a81   Thumb Code    14  stm32f4xx_flash.o(.text)
    FLASH_OB_WRPConfig                       0x08006a8f   Thumb Code    32  stm32f4xx_flash.o(.text)
    FLASH_OB_WRP1Config                      0x08006aaf   Thumb Code    32  stm32f4xx_flash.o(.text)
    FLASH_OB_PCROPSelectionConfig            0x08006acf   Thumb Code    16  stm32f4xx_flash.o(.text)
    FLASH_OB_PCROPConfig                     0x08006adf   Thumb Code    32  stm32f4xx_flash.o(.text)
    FLASH_OB_PCROP1Config                    0x08006aff   Thumb Code    52  stm32f4xx_flash.o(.text)
    FLASH_OB_RDPConfig                       0x08006b33   Thumb Code    18  stm32f4xx_flash.o(.text)
    FLASH_OB_UserConfig                      0x08006b45   Thumb Code    36  stm32f4xx_flash.o(.text)
    FLASH_OB_BootConfig                      0x08006b69   Thumb Code    20  stm32f4xx_flash.o(.text)
    FLASH_OB_BORConfig                       0x08006b7d   Thumb Code    20  stm32f4xx_flash.o(.text)
    FLASH_OB_Launch                          0x08006b91   Thumb Code    14  stm32f4xx_flash.o(.text)
    FLASH_OB_GetUser                         0x08006b9f   Thumb Code    12  stm32f4xx_flash.o(.text)
    FLASH_OB_GetWRP                          0x08006bab   Thumb Code     8  stm32f4xx_flash.o(.text)
    FLASH_OB_GetWRP1                         0x08006bb3   Thumb Code     8  stm32f4xx_flash.o(.text)
    FLASH_OB_GetPCROP                        0x08006bbb   Thumb Code     8  stm32f4xx_flash.o(.text)
    FLASH_OB_GetPCROP1                       0x08006bc3   Thumb Code     8  stm32f4xx_flash.o(.text)
    FLASH_OB_GetRDP                          0x08006bcb   Thumb Code    14  stm32f4xx_flash.o(.text)
    FLASH_OB_GetBOR                          0x08006bd9   Thumb Code    12  stm32f4xx_flash.o(.text)
    FLASH_ITConfig                           0x08006be5   Thumb Code    20  stm32f4xx_flash.o(.text)
    FLASH_GetFlagStatus                      0x08006bf9   Thumb Code    18  stm32f4xx_flash.o(.text)
    FLASH_ClearFlag                          0x08006c0b   Thumb Code     8  stm32f4xx_flash.o(.text)
    SysTick_Handler                          0x08006c19   Thumb Code    28  delay.o(.text)
    systick_init                             0x08006c35   Thumb Code    76  delay.o(.text)
    delay_us                                 0x08006c81   Thumb Code    62  delay.o(.text)
    delay_ms                                 0x08006cbf   Thumb Code    58  delay.o(.text)
    _sys_exit                                0x08006d15   Thumb Code     2  usart.o(.text)
    fputc                                    0x08006d17   Thumb Code    14  usart.o(.text)
    usart1_init                              0x08006d25   Thumb Code   150  usart.o(.text)
    usart3_init                              0x08006dbb   Thumb Code   142  usart.o(.text)
    usart3_send_str                          0x08006e49   Thumb Code    40  usart.o(.text)
    bluetooth_config                         0x08006e71   Thumb Code    34  usart.o(.text)
    bluetooth_MCU                            0x08006e93   Thumb Code    44  usart.o(.text)
    USART1_IRQHandler                        0x08006ebf   Thumb Code   104  usart.o(.text)
    USART3_IRQHandler                        0x08006f27   Thumb Code   124  usart.o(.text)
    BSP_CPU_ClkFreq                          0x08006ffd   Thumb Code    14  bsp.o(.text)
    CPU_TS_TmrInit                           0x0800700b   Thumb Code    38  bsp.o(.text)
    CPU_TS_TmrRd                             0x08007031   Thumb Code     6  bsp.o(.text)
    CPU_TS32_to_uSec                         0x08007037   Thumb Code    32  bsp.o(.text)
    CPU_NameClr                              0x08007065   Thumb Code    26  cpu_core.o(.text)
    CPU_Init                                 0x0800707f   Thumb Code    18  cpu_core.o(.text)
    CPU_SW_Exception                         0x08007091   Thumb Code     2  cpu_core.o(.text)
    CPU_NameGet                              0x08007093   Thumb Code    46  cpu_core.o(.text)
    CPU_NameSet                              0x080070c1   Thumb Code    62  cpu_core.o(.text)
    CPU_TS_Get32                             0x080070ff   Thumb Code     4  cpu_core.o(.text)
    CPU_TS_Update                            0x08007103   Thumb Code     2  cpu_core.o(.text)
    CPU_TS_TmrFreqGet                        0x08007105   Thumb Code    24  cpu_core.o(.text)
    CPU_TS_TmrFreqSet                        0x0800711d   Thumb Code     6  cpu_core.o(.text)
    CPU_CntLeadZeros08                       0x08007123   Thumb Code    10  cpu_core.o(.text)
    CPU_CntLeadZeros16                       0x0800712d   Thumb Code    10  cpu_core.o(.text)
    CPU_CntLeadZeros32                       0x08007137   Thumb Code     4  cpu_core.o(.text)
    CPU_CntLeadZeros64                       0x0800713b   Thumb Code   152  cpu_core.o(.text)
    CPU_CntTrailZeros08                      0x080071d3   Thumb Code    10  cpu_core.o(.text)
    CPU_CntTrailZeros16                      0x080071dd   Thumb Code    10  cpu_core.o(.text)
    CPU_CntTrailZeros32                      0x080071e7   Thumb Code    10  cpu_core.o(.text)
    CPU_CntTrailZeros64                      0x080071f1   Thumb Code    36  cpu_core.o(.text)
    CPU_IntDis                               0x08007221   Thumb Code     0  cpu_a.o(.text)
    CPU_IntEn                                0x08007225   Thumb Code     0  cpu_a.o(.text)
    CPU_SR_Save                              0x08007229   Thumb Code     0  cpu_a.o(.text)
    CPU_SR_Restore                           0x08007231   Thumb Code     0  cpu_a.o(.text)
    CPU_WaitForInt                           0x08007237   Thumb Code     0  cpu_a.o(.text)
    CPU_WaitForExcept                        0x0800723b   Thumb Code     0  cpu_a.o(.text)
    CPU_CntLeadZeros                         0x0800723f   Thumb Code     0  cpu_a.o(.text)
    CPU_CntTrailZeros                        0x08007245   Thumb Code     0  cpu_a.o(.text)
    CPU_RevBits                              0x0800724f   Thumb Code     0  cpu_a.o(.text)
    ASCII_IsAlpha                            0x08007255   Thumb Code    22  lib_ascii.o(.text)
    ASCII_IsAlphaNum                         0x0800726b   Thumb Code    28  lib_ascii.o(.text)
    ASCII_IsLower                            0x08007287   Thumb Code    14  lib_ascii.o(.text)
    ASCII_IsUpper                            0x08007295   Thumb Code    14  lib_ascii.o(.text)
    ASCII_IsDig                              0x080072a3   Thumb Code    14  lib_ascii.o(.text)
    ASCII_IsDigOct                           0x080072b1   Thumb Code    14  lib_ascii.o(.text)
    ASCII_IsDigHex                           0x080072bf   Thumb Code    28  lib_ascii.o(.text)
    ASCII_IsBlank                            0x080072db   Thumb Code    16  lib_ascii.o(.text)
    ASCII_IsSpace                            0x080072eb   Thumb Code    32  lib_ascii.o(.text)
    ASCII_IsPrint                            0x0800730b   Thumb Code    14  lib_ascii.o(.text)
    ASCII_IsGraph                            0x08007319   Thumb Code    14  lib_ascii.o(.text)
    ASCII_IsPunct                            0x08007327   Thumb Code    58  lib_ascii.o(.text)
    ASCII_IsCtrl                             0x08007361   Thumb Code    22  lib_ascii.o(.text)
    ASCII_ToLower                            0x08007377   Thumb Code    14  lib_ascii.o(.text)
    ASCII_ToUpper                            0x08007385   Thumb Code    14  lib_ascii.o(.text)
    ASCII_Cmp                                0x08007393   Thumb Code    28  lib_ascii.o(.text)
    Mem_Init                                 0x080073b1   Thumb Code    54  lib_mem.o(.text)
    Mem_Set                                  0x080073e7   Thumb Code    62  lib_mem.o(.text)
    Mem_Clr                                  0x08007425   Thumb Code     6  lib_mem.o(.text)
    Mem_Move                                 0x0800742b   Thumb Code   116  lib_mem.o(.text)
    Mem_Cmp                                  0x0800749f   Thumb Code   126  lib_mem.o(.text)
    Mem_HeapAlloc                            0x08007575   Thumb Code   114  lib_mem.o(.text)
    Mem_SegGetSizeRem                        0x080075e7   Thumb Code    60  lib_mem.o(.text)
    Mem_HeapGetSizeRem                       0x08007623   Thumb Code     8  lib_mem.o(.text)
    Mem_PoolClr                              0x0800762b   Thumb Code    56  lib_mem.o(.text)
    Mem_PoolCreate                           0x08007663   Thumb Code   582  lib_mem.o(.text)
    Mem_PoolBlkGetNbrAvail                   0x080078a9   Thumb Code    26  lib_mem.o(.text)
    Mem_PoolBlkGet                           0x080078c3   Thumb Code    68  lib_mem.o(.text)
    Mem_PoolBlkGetUsedAtIx                   0x08007907   Thumb Code    62  lib_mem.o(.text)
    Mem_PoolBlkFree                          0x08007945   Thumb Code   100  lib_mem.o(.text)
    Mem_PoolBlkIxGet                         0x080079a9   Thumb Code   104  lib_mem.o(.text)
    Str_Len_N                                0x08007a19   Thumb Code    22  lib_str.o(.text)
    Str_Len                                  0x08007a2f   Thumb Code     6  lib_str.o(.text)
    Str_Copy_N                               0x08007a35   Thumb Code    48  lib_str.o(.text)
    Str_Copy                                 0x08007a65   Thumb Code     6  lib_str.o(.text)
    Str_Cat_N                                0x08007a6b   Thumb Code    58  lib_str.o(.text)
    Str_Cat                                  0x08007aa5   Thumb Code     6  lib_str.o(.text)
    Str_Cmp_N                                0x08007aab   Thumb Code    86  lib_str.o(.text)
    Str_Cmp                                  0x08007b01   Thumb Code     6  lib_str.o(.text)
    Str_CmpIgnoreCase_N                      0x08007b07   Thumb Code   146  lib_str.o(.text)
    Str_CmpIgnoreCase                        0x08007b99   Thumb Code     6  lib_str.o(.text)
    Str_Char_N                               0x08007b9f   Thumb Code    46  lib_str.o(.text)
    Str_Char                                 0x08007bcd   Thumb Code     8  lib_str.o(.text)
    Str_Char_Last_N                          0x08007bd5   Thumb Code    44  lib_str.o(.text)
    Str_Char_Last                            0x08007c01   Thumb Code     8  lib_str.o(.text)
    Str_Char_Replace_N                       0x08007c09   Thumb Code    40  lib_str.o(.text)
    Str_Char_Replace                         0x08007c31   Thumb Code     6  lib_str.o(.text)
    Str_Str_N                                0x08007c37   Thumb Code   120  lib_str.o(.text)
    Str_Str                                  0x08007caf   Thumb Code     6  lib_str.o(.text)
    Str_FmtNbr_Int32U                        0x08007e0d   Thumb Code    24  lib_str.o(.text)
    Str_FmtNbr_Int32S                        0x08007e25   Thumb Code    40  lib_str.o(.text)
    Str_ParseNbr_Int32U                      0x08007f87   Thumb Code    12  lib_str.o(.text)
    Str_ParseNbr_Int32S                      0x08007f93   Thumb Code    42  lib_str.o(.text)
    Mem_Copy                                 0x08007fc1   Thumb Code     0  lib_mem_a.o(.text)
    OSCfg_Init                               0x080081e1   Thumb Code     2  os_cfg_app.o(.text)
    OS_IdleTask                              0x080081e5   Thumb Code    22  os_core.o(.text)
    OS_IdleTaskInit                          0x080081fb   Thumb Code    62  os_core.o(.text)
    OS_RdyListInit                           0x08008239   Thumb Code    30  os_core.o(.text)
    OSInit                                   0x08008257   Thumb Code   248  os_core.o(.text)
    OSIntEnter                               0x0800834f   Thumb Code    22  os_core.o(.text)
    OSIntExit                                0x08008365   Thumb Code   100  os_core.o(.text)
    OSSched                                  0x080083c9   Thumb Code    86  os_core.o(.text)
    OS_SchedLockTimeMeasStart                0x0800841f   Thumb Code    20  os_core.o(.text)
    OSSchedLock                              0x08008433   Thumb Code    72  os_core.o(.text)
    OS_SchedLockTimeMeasStop                 0x0800847b   Thumb Code    42  os_core.o(.text)
    OSSchedUnlock                            0x080084a5   Thumb Code    92  os_core.o(.text)
    OSStart                                  0x08008501   Thumb Code    62  os_core.o(.text)
    OSVersion                                0x0800853f   Thumb Code    10  os_core.o(.text)
    OS_PendDbgNameAdd                        0x08008549   Thumb Code    46  os_core.o(.text)
    OS_PendListInsertPrio                    0x08008577   Thumb Code   248  os_core.o(.text)
    OS_PendDataInit                          0x0800866f   Thumb Code    48  os_core.o(.text)
    OS_RdyListRemove                         0x0800869f   Thumb Code    78  os_core.o(.text)
    OS_TaskBlock                             0x080086ed   Thumb Code    42  os_core.o(.text)
    OS_Pend                                  0x08008717   Thumb Code    72  os_core.o(.text)
    OS_PendListRemove1                       0x0800875f   Thumb Code    54  os_core.o(.text)
    OS_PendListRemove                        0x08008795   Thumb Code    38  os_core.o(.text)
    OS_PendAbort1                            0x080087bb   Thumb Code    32  os_core.o(.text)
    OS_RdyListInsertHead                     0x080087db   Thumb Code    52  os_core.o(.text)
    OS_RdyListInsertTail                     0x0800880f   Thumb Code    48  os_core.o(.text)
    OS_RdyListInsert                         0x0800883f   Thumb Code    38  os_core.o(.text)
    OS_TaskRdy                               0x08008865   Thumb Code    26  os_core.o(.text)
    OS_PendAbort                             0x0800887f   Thumb Code   136  os_core.o(.text)
    OS_PendDbgNameRemove                     0x08008907   Thumb Code    22  os_core.o(.text)
    OS_PendListChangePrio                    0x0800891d   Thumb Code    50  os_core.o(.text)
    OS_PendListInit                          0x0800894f   Thumb Code    10  os_core.o(.text)
    OS_PendListInsertHead                    0x08008959   Thumb Code    32  os_core.o(.text)
    OS_PendObjDel1                           0x08008979   Thumb Code    32  os_core.o(.text)
    OS_PendObjDel                            0x08008999   Thumb Code   126  os_core.o(.text)
    OS_Post1                                 0x08008a17   Thumb Code    38  os_core.o(.text)
    OS_Post                                  0x08008a3d   Thumb Code   170  os_core.o(.text)
    OS_RdyListMoveHeadToTail                 0x08008ae7   Thumb Code    52  os_core.o(.text)
    OS_Dbg_Init                              0x08008b1b   Thumb Code     2  os_dbg.o(.text)
    OS_FlagDbgListAdd                        0x08008b1d   Thumb Code    26  os_flag.o(.text)
    OSFlagCreate                             0x08008b37   Thumb Code    86  os_flag.o(.text)
    OS_FlagClr                               0x08008b8d   Thumb Code    16  os_flag.o(.text)
    OS_FlagDbgListRemove                     0x08008b9d   Thumb Code    36  os_flag.o(.text)
    OSFlagDel                                0x08008bc1   Thumb Code   224  os_flag.o(.text)
    OS_FlagBlock                             0x08008ca1   Thumb Code    28  os_flag.o(.text)
    OSFlagPend                               0x08008cbd   Thumb Code   538  os_flag.o(.text)
    OSFlagPendAbort                          0x08008ed7   Thumb Code   212  os_flag.o(.text)
    OSFlagPendGetFlagsRdy                    0x08008fab   Thumb Code    44  os_flag.o(.text)
    OS_FlagTaskRdy                           0x08008fd7   Thumb Code    68  os_flag.o(.text)
    OS_FlagPost                              0x0800901b   Thumb Code   240  os_flag.o(.text)
    OSFlagPost                               0x0800910b   Thumb Code    82  os_flag.o(.text)
    OS_FlagInit                              0x0800915d   Thumb Code    14  os_flag.o(.text)
    OS_MemDbgListAdd                         0x08009181   Thumb Code    22  os_mem.o(.text)
    OSMemCreate                              0x08009197   Thumb Code   158  os_mem.o(.text)
    OSMemGet                                 0x08009235   Thumb Code    60  os_mem.o(.text)
    OSMemPut                                 0x08009271   Thumb Code    70  os_mem.o(.text)
    OS_MemInit                               0x080092b7   Thumb Code    14  os_mem.o(.text)
    OS_MsgPoolCreate                         0x080092d5   Thumb Code    48  os_msg.o(.text)
    OS_MsgPoolInit                           0x08009305   Thumb Code    58  os_msg.o(.text)
    OS_MsgQFreeAll                           0x0800933f   Thumb Code    48  os_msg.o(.text)
    OS_MsgQInit                              0x0800936f   Thumb Code    14  os_msg.o(.text)
    OS_MsgQGet                               0x0800937d   Thumb Code    82  os_msg.o(.text)
    OS_MsgQPut                               0x080093cf   Thumb Code   128  os_msg.o(.text)
    OS_MutexDbgListAdd                       0x0800945d   Thumb Code    26  os_mutex.o(.text)
    OSMutexCreate                            0x08009477   Thumb Code    94  os_mutex.o(.text)
    OS_MutexClr                              0x080094d5   Thumb Code    24  os_mutex.o(.text)
    OS_MutexDbgListRemove                    0x080094ed   Thumb Code    36  os_mutex.o(.text)
    OSMutexDel                               0x08009511   Thumb Code   304  os_mutex.o(.text)
    OSMutexPend                              0x08009641   Thumb Code   398  os_mutex.o(.text)
    OSMutexPendAbort                         0x080097cf   Thumb Code   210  os_mutex.o(.text)
    OSMutexPost                              0x080098a1   Thumb Code   274  os_mutex.o(.text)
    OS_MutexInit                             0x080099b3   Thumb Code    14  os_mutex.o(.text)
    OS_PrioInit                              0x080099d9   Thumb Code    18  os_prio.o(.text)
    OS_PrioGetHighest                        0x080099eb   Thumb Code    32  os_prio.o(.text)
    OS_PrioInsert                            0x08009a0b   Thumb Code    28  os_prio.o(.text)
    OS_PrioRemove                            0x08009a27   Thumb Code    28  os_prio.o(.text)
    OS_QDbgListAdd                           0x08009a49   Thumb Code    26  os_q.o(.text)
    OSQCreate                                0x08009a63   Thumb Code   100  os_q.o(.text)
    OS_QClr                                  0x08009ac7   Thumb Code    40  os_q.o(.text)
    OS_QDbgListRemove                        0x08009aef   Thumb Code    36  os_q.o(.text)
    OSQDel                                   0x08009b13   Thumb Code   224  os_q.o(.text)
    OSQFlush                                 0x08009bf3   Thumb Code    76  os_q.o(.text)
    OSQPend                                  0x08009c3f   Thumb Code   318  os_q.o(.text)
    OSQPendAbort                             0x08009d7d   Thumb Code   208  os_q.o(.text)
    OS_QPost                                 0x08009e4d   Thumb Code   128  os_q.o(.text)
    OSQPost                                  0x08009ecd   Thumb Code   116  os_q.o(.text)
    OS_QInit                                 0x08009f41   Thumb Code    14  os_q.o(.text)
    OS_SemDbgListAdd                         0x08009f5d   Thumb Code    26  os_sem.o(.text)
    OSSemCreate                              0x08009f77   Thumb Code    86  os_sem.o(.text)
    OS_SemClr                                0x08009fcd   Thumb Code    22  os_sem.o(.text)
    OS_SemDbgListRemove                      0x08009fe3   Thumb Code    36  os_sem.o(.text)
    OSSemDel                                 0x0800a007   Thumb Code   224  os_sem.o(.text)
    OSSemPend                                0x0800a0e7   Thumb Code   292  os_sem.o(.text)
    OSSemPendAbort                           0x0800a20b   Thumb Code   170  os_sem.o(.text)
    OS_SemPost                               0x0800a2b5   Thumb Code   172  os_sem.o(.text)
    OSSemPost                                0x0800a361   Thumb Code    78  os_sem.o(.text)
    OSSemSet                                 0x0800a3af   Thumb Code    78  os_sem.o(.text)
    OS_SemInit                               0x0800a3fd   Thumb Code    14  os_sem.o(.text)
    OSTaskChangePrio                         0x0800a41d   Thumb Code   176  os_task.o(.text)
    OS_TaskDbgListAdd                        0x0800a4cd   Thumb Code    30  os_task.o(.text)
    OS_TaskInitTCB                           0x0800a4eb   Thumb Code   180  os_task.o(.text)
    OSTaskCreate                             0x0800a59f   Thumb Code   318  os_task.o(.text)
    OS_TaskDbgListRemove                     0x0800a6dd   Thumb Code    50  os_task.o(.text)
    OSTaskDel                                0x0800a70f   Thumb Code   192  os_task.o(.text)
    OSTaskQFlush                             0x0800a7cf   Thumb Code   106  os_task.o(.text)
    OSTaskQPend                              0x0800a839   Thumb Code   308  os_task.o(.text)
    OSTaskQPendAbort                         0x0800a96d   Thumb Code   126  os_task.o(.text)
    OS_TaskQPost                             0x0800a9eb   Thumb Code   138  os_task.o(.text)
    OSTaskQPost                              0x0800aa75   Thumb Code    66  os_task.o(.text)
    OSTaskRegGet                             0x0800aab7   Thumb Code    42  os_task.o(.text)
    OSTaskRegGetID                           0x0800aae1   Thumb Code    42  os_task.o(.text)
    OSTaskRegSet                             0x0800ab0b   Thumb Code    40  os_task.o(.text)
    OS_TaskResume                            0x0800ab33   Thumb Code   168  os_task.o(.text)
    OSTaskResume                             0x0800abdb   Thumb Code    60  os_task.o(.text)
    OSTaskSemPend                            0x0800ac17   Thumb Code   294  os_task.o(.text)
    OSTaskSemPendAbort                       0x0800ad3d   Thumb Code   130  os_task.o(.text)
    OS_TaskSemPost                           0x0800adbf   Thumb Code   148  os_task.o(.text)
    OSTaskSemPost                            0x0800ae53   Thumb Code    44  os_task.o(.text)
    OSTaskSemSet                             0x0800ae7f   Thumb Code    52  os_task.o(.text)
    OSTaskStkChk                             0x0800aeb3   Thumb Code   136  os_task.o(.text)
    OS_TaskSuspend                           0x0800af3b   Thumb Code   144  os_task.o(.text)
    OSTaskSuspend                            0x0800afcb   Thumb Code    28  os_task.o(.text)
    OS_TaskInit                              0x0800afe7   Thumb Code    18  os_task.o(.text)
    OS_TaskReturn                            0x0800aff9   Thumb Code    20  os_task.o(.text)
    OS_TickListRemove                        0x0800b029   Thumb Code    54  os_tick.o(.text)
    OS_TickListUpdate                        0x0800b05f   Thumb Code   260  os_tick.o(.text)
    OS_TickTask                              0x0800b163   Thumb Code    36  os_tick.o(.text)
    OS_TickListInit                          0x0800b187   Thumb Code    34  os_tick.o(.text)
    OS_TickTaskInit                          0x0800b1a9   Thumb Code   114  os_tick.o(.text)
    OS_TickListInsert                        0x0800b21b   Thumb Code   202  os_tick.o(.text)
    OS_TickListResetPeak                     0x0800b2e5   Thumb Code    30  os_tick.o(.text)
    OSTimeDly                                0x0800b345   Thumb Code   128  os_time.o(.text)
    OSTimeDlyHMSM                            0x0800b3c5   Thumb Code   266  os_time.o(.text)
    OSTimeDlyResume                          0x0800b4cf   Thumb Code   152  os_time.o(.text)
    OSTimeGet                                0x0800b567   Thumb Code    24  os_time.o(.text)
    OSTimeSet                                0x0800b57f   Thumb Code    24  os_time.o(.text)
    OSTimeTick                               0x0800b597   Thumb Code    44  os_time.o(.text)
    OS_TmrDbgListAdd                         0x0800b5e9   Thumb Code    22  os_tmr.o(.text)
    OSTmrCreate                              0x0800b5ff   Thumb Code   144  os_tmr.o(.text)
    OS_TmrClr                                0x0800b68f   Thumb Code    34  os_tmr.o(.text)
    OS_TmrUnlink                             0x0800b6b1   Thumb Code    68  os_tmr.o(.text)
    OS_TmrDbgListRemove                      0x0800b6f5   Thumb Code    36  os_tmr.o(.text)
    OSTmrDel                                 0x0800b719   Thumb Code   134  os_tmr.o(.text)
    OSTmrRemainGet                           0x0800b79f   Thumb Code   140  os_tmr.o(.text)
    OS_TmrLink                               0x0800b82b   Thumb Code   140  os_tmr.o(.text)
    OSTmrStart                               0x0800b8b7   Thumb Code   122  os_tmr.o(.text)
    OSTmrStateGet                            0x0800b931   Thumb Code    86  os_tmr.o(.text)
    OSTmrStop                                0x0800b987   Thumb Code   222  os_tmr.o(.text)
    OS_TmrTask                               0x0800ba65   Thumb Code   164  os_tmr.o(.text)
    OS_TmrInit                               0x0800bb09   Thumb Code   174  os_tmr.o(.text)
    OS_TmrResetPeak                          0x0800bbb7   Thumb Code    30  os_tmr.o(.text)
    OSIdleTaskHook                           0x0800bc29   Thumb Code    12  os_cpu_c.o(.text)
    OSInitHook                               0x0800bc35   Thumb Code    22  os_cpu_c.o(.text)
    OSStatTaskHook                           0x0800bc4b   Thumb Code    12  os_cpu_c.o(.text)
    OSTaskCreateHook                         0x0800bc57   Thumb Code    12  os_cpu_c.o(.text)
    OSTaskDelHook                            0x0800bc63   Thumb Code    12  os_cpu_c.o(.text)
    OSTaskReturnHook                         0x0800bc6f   Thumb Code    12  os_cpu_c.o(.text)
    OSTaskStkInit                            0x0800bc7b   Thumb Code   310  os_cpu_c.o(.text)
    OSTaskSwHook                             0x0800bdb1   Thumb Code    72  os_cpu_c.o(.text)
    OSTimeTickHook                           0x0800bdf9   Thumb Code    12  os_cpu_c.o(.text)
    OS_CPU_SysTickHandler                    0x0800be05   Thumb Code    30  os_cpu_c.o(.text)
    OS_CPU_SysTickInit                       0x0800be23   Thumb Code    36  os_cpu_c.o(.text)
    __use_no_semihosting                     0x0800be89   Thumb Code     2  use_no_semi_2.o(.text)
    __aeabi_uldivmod                         0x0800be8b   Thumb Code     0  lludivv7m.o(.text)
    _ll_udiv                                 0x0800be8b   Thumb Code   238  lludivv7m.o(.text)
    __c89printf                              0x0800bf79   Thumb Code    20  c89printf.o(.text)
    __2printf                                0x0800bf91   Thumb Code    20  __2printf.o(.text)
    __2sprintf                               0x0800bfa9   Thumb Code    38  __2sprintf.o(.text)
    _printf_pre_padding                      0x0800bfd5   Thumb Code    44  _printf_pad.o(.text)
    _printf_post_padding                     0x0800c001   Thumb Code    34  _printf_pad.o(.text)
    _printf_truncate_signed                  0x0800c023   Thumb Code    18  _printf_truncate.o(.text)
    _printf_truncate_unsigned                0x0800c035   Thumb Code    18  _printf_truncate.o(.text)
    _printf_str                              0x0800c047   Thumb Code    82  _printf_str.o(.text)
    _printf_int_dec                          0x0800c099   Thumb Code   104  _printf_dec.o(.text)
    _printf_longlong_hex                     0x0800c111   Thumb Code    86  _printf_hex_int_ll_ptr.o(.text)
    _printf_int_hex                          0x0800c167   Thumb Code    28  _printf_hex_int_ll_ptr.o(.text)
    _printf_ll_hex                           0x0800c183   Thumb Code    12  _printf_hex_int_ll_ptr.o(.text)
    _printf_hex_ptr                          0x0800c18f   Thumb Code    18  _printf_hex_int_ll_ptr.o(.text)
    __printf                                 0x0800c1a5   Thumb Code   388  __printf_flags_ss_wp.o(.text)
    atoi                                     0x0800c32d   Thumb Code    26  atoi.o(.text)
    strtok                                   0x0800c349   Thumb Code     6  strtok.o(.text)
    strstr                                   0x0800c355   Thumb Code    36  strstr.o(.text)
    strlen                                   0x0800c379   Thumb Code    62  strlen.o(.text)
    strcat                                   0x0800c3b7   Thumb Code    24  strcat.o(.text)
    __aeabi_memcpy                           0x0800c3cf   Thumb Code     0  rt_memcpy_v6.o(.text)
    __rt_memcpy                              0x0800c3cf   Thumb Code   138  rt_memcpy_v6.o(.text)
    _memcpy_lastbytes                        0x0800c435   Thumb Code     0  rt_memcpy_v6.o(.text)
    __aeabi_memcpy4                          0x0800c459   Thumb Code     0  rt_memcpy_w.o(.text)
    __aeabi_memcpy8                          0x0800c459   Thumb Code     0  rt_memcpy_w.o(.text)
    __rt_memcpy_w                            0x0800c459   Thumb Code   100  rt_memcpy_w.o(.text)
    _memcpy_lastbytes_aligned                0x0800c4a1   Thumb Code     0  rt_memcpy_w.o(.text)
    __aeabi_memclr                           0x0800c4bd   Thumb Code     0  rt_memclr.o(.text)
    __rt_memclr                              0x0800c4bd   Thumb Code    68  rt_memclr.o(.text)
    _memset                                  0x0800c4c1   Thumb Code     0  rt_memclr.o(.text)
    __aeabi_memclr4                          0x0800c501   Thumb Code     0  rt_memclr_w.o(.text)
    __aeabi_memclr8                          0x0800c501   Thumb Code     0  rt_memclr_w.o(.text)
    __rt_memclr_w                            0x0800c501   Thumb Code    78  rt_memclr_w.o(.text)
    _memset_w                                0x0800c505   Thumb Code     0  rt_memclr_w.o(.text)
    strcmp                                   0x0800c551   Thumb Code   128  strcmpv7m.o(.text)
    __use_two_region_memory                  0x0800c5d1   Thumb Code     2  heapauxi.o(.text)
    __rt_heap_escrow$2region                 0x0800c5d3   Thumb Code     2  heapauxi.o(.text)
    __rt_heap_expand$2region                 0x0800c5d5   Thumb Code     2  heapauxi.o(.text)
    __I$use$semihosting                      0x0800c5d7   Thumb Code     0  use_no_semi.o(.text)
    __use_no_semihosting_swi                 0x0800c5d7   Thumb Code     2  use_no_semi.o(.text)
    __aeabi_errno_addr                       0x0800c5d9   Thumb Code     8  rt_errno_addr_intlibspace.o(.text)
    __errno$intlibspace                      0x0800c5d9   Thumb Code     0  rt_errno_addr_intlibspace.o(.text)
    __rt_errno_addr$intlibspace              0x0800c5d9   Thumb Code     0  rt_errno_addr_intlibspace.o(.text)
    _printf_int_common                       0x0800c5e1   Thumb Code   178  _printf_intcommon.o(.text)
    _printf_charcount                        0x0800c693   Thumb Code    40  _printf_charcount.o(.text)
    _printf_char_common                      0x0800c6c7   Thumb Code    32  _printf_char_common.o(.text)
    _sputc                                   0x0800c6ed   Thumb Code    10  _sputc.o(.text)
    _printf_cs_common                        0x0800c6f7   Thumb Code    20  _printf_char.o(.text)
    _printf_char                             0x0800c70b   Thumb Code    16  _printf_char.o(.text)
    _printf_string                           0x0800c71b   Thumb Code     8  _printf_char.o(.text)
    _printf_char_file                        0x0800c725   Thumb Code    32  _printf_char_file.o(.text)
    _printf_wctomb                           0x0800c749   Thumb Code   182  _printf_wctomb.o(.text)
    _printf_longlong_dec                     0x0800c805   Thumb Code   108  _printf_longlong_dec.o(.text)
    _printf_longlong_oct                     0x0800c881   Thumb Code    68  _printf_oct_int_ll.o(.text)
    _printf_int_oct                          0x0800c8c5   Thumb Code    24  _printf_oct_int_ll.o(.text)
    _printf_ll_oct                           0x0800c8dd   Thumb Code    12  _printf_oct_int_ll.o(.text)
    strtol                                   0x0800c8f1   Thumb Code   112  strtol.o(.text)
    __strtok_internal                        0x0800c961   Thumb Code    64  strtok_int.o(.text)
    __user_libspace                          0x0800c9a5   Thumb Code     8  libspace.o(.text)
    __user_perproc_libspace                  0x0800c9a5   Thumb Code     0  libspace.o(.text)
    __user_perthread_libspace                0x0800c9a5   Thumb Code     0  libspace.o(.text)
    __rt_ctype_table                         0x0800c9ad   Thumb Code    16  rt_ctype_table.o(.text)
    _ll_udiv10                               0x0800c9bd   Thumb Code   138  lludiv10.o(.text)
    __lib_sel_fp_printf                      0x0800ca47   Thumb Code     2  _printf_fp_dec.o(.text)
    _printf_fp_dec_real                      0x0800cbf5   Thumb Code   620  _printf_fp_dec.o(.text)
    _printf_lcs_common                       0x0800ce61   Thumb Code    20  _printf_wchar.o(.text)
    _printf_wchar                            0x0800ce75   Thumb Code    16  _printf_wchar.o(.text)
    _printf_wstring                          0x0800ce85   Thumb Code     8  _printf_wchar.o(.text)
    _strtoul                                 0x0800ce8d   Thumb Code   158  _strtoul.o(.text)
    ferror                                   0x0800cf2b   Thumb Code     8  ferror.o(.text)
    _wcrtomb                                 0x0800cf33   Thumb Code    64  _wcrtomb.o(.text)
    strcspn                                  0x0800cf73   Thumb Code    32  strcspn.o(.text)
    strspn                                   0x0800cf93   Thumb Code    28  strspn.o(.text)
    __user_setup_stackheap                   0x0800cfaf   Thumb Code    74  sys_stackheap_outer.o(.text)
    __rt_locale                              0x0800cff9   Thumb Code     8  rt_locale_intlibspace.o(.text)
    _printf_fp_infnan                        0x0800d001   Thumb Code   112  _printf_fp_infnan.o(.text)
    _chval                                   0x0800d081   Thumb Code    28  _chval.o(.text)
    _btod_etento                             0x0800d09d   Thumb Code   216  bigflt0.o(.text)
    exit                                     0x0800d179   Thumb Code    12  exit.o(.text)
    _btod_d2e                                0x0800d185   Thumb Code    62  btod.o(CL$$btod_d2e)
    _d2e_denorm_low                          0x0800d1c3   Thumb Code    70  btod.o(CL$$btod_d2e_denorm_low)
    _d2e_norm_op1                            0x0800d209   Thumb Code    96  btod.o(CL$$btod_d2e_norm_op1)
    __btod_div_common                        0x0800d269   Thumb Code   696  btod.o(CL$$btod_div_common)
    _e2e                                     0x0800d5a1   Thumb Code   198  btod.o(CL$$btod_e2e)
    _btod_ediv                               0x0800d667   Thumb Code    40  btod.o(CL$$btod_ediv)
    _btod_emul                               0x0800d68f   Thumb Code    40  btod.o(CL$$btod_emul)
    __btod_mult_common                       0x0800d6b7   Thumb Code   580  btod.o(CL$$btod_mult_common)
    OSStartHighRdy                           0x0800d8fd   Thumb Code     0  os_cpu_a.o(CODE)
    OSCtxSw                                  0x0800d91f   Thumb Code     0  os_cpu_a.o(CODE)
    OSIntCtxSw                               0x0800d929   Thumb Code     0  os_cpu_a.o(CODE)
    PendSV_Handler                           0x0800d933   Thumb Code     0  os_cpu_a.o(CODE)
    __ARM_fpclassify                         0x0800d9a9   Thumb Code    48  fpclassify.o(i.__ARM_fpclassify)
    _is_digit                                0x0800d9d9   Thumb Code    14  __printf_wp.o(i._is_digit)
    _get_lc_ctype                            0x0800d9e9   Thumb Code    44  lc_ctype_c.o(locale$$code)
    _get_lc_numeric                          0x0800da15   Thumb Code    44  lc_numeric_c.o(locale$$code)
    _fp_init                                 0x0800da41   Thumb Code    10  fpinit.o(x$fpl$fpinit)
    __fplib_config_fpu_vfp                   0x0800da49   Thumb Code     0  fpinit.o(x$fpl$fpinit)
    __fplib_config_pureend_doubles           0x0800da49   Thumb Code     0  fpinit.o(x$fpl$fpinit)
    _printf_fp_dec                           0x0800da4b   Thumb Code     4  printf1.o(x$fpl$printf1)
    __I$use$fp                               0x0800da4e   Number         0  usenofp.o(x$fpl$usenofp)
    F8X16                                    0x0800da64   Data        1520  oled.o(.constdata)
    OSCfg_TickTaskPrio                       0x0800e1e8   Data           1  os_cfg_app.o(.constdata)
    OSCfg_TmrTaskPrio                        0x0800e1e9   Data           1  os_cfg_app.o(.constdata)
    OSCfg_MsgPoolSize                        0x0800e1ea   Data           2  os_cfg_app.o(.constdata)
    OSCfg_TickWheelSize                      0x0800e1ec   Data           2  os_cfg_app.o(.constdata)
    OSCfg_TmrWheelSize                       0x0800e1ee   Data           2  os_cfg_app.o(.constdata)
    OSCfg_IdleTaskStkBasePtr                 0x0800e1f0   Data           4  os_cfg_app.o(.constdata)
    OSCfg_IdleTaskStkLimit                   0x0800e1f4   Data           4  os_cfg_app.o(.constdata)
    OSCfg_IdleTaskStkSize                    0x0800e1f8   Data           4  os_cfg_app.o(.constdata)
    OSCfg_IdleTaskStkSizeRAM                 0x0800e1fc   Data           4  os_cfg_app.o(.constdata)
    OSCfg_ISRStkBasePtr                      0x0800e200   Data           4  os_cfg_app.o(.constdata)
    OSCfg_ISRStkSize                         0x0800e204   Data           4  os_cfg_app.o(.constdata)
    OSCfg_ISRStkSizeRAM                      0x0800e208   Data           4  os_cfg_app.o(.constdata)
    OSCfg_MsgPoolSizeRAM                     0x0800e20c   Data           4  os_cfg_app.o(.constdata)
    OSCfg_MsgPoolBasePtr                     0x0800e210   Data           4  os_cfg_app.o(.constdata)
    OSCfg_StkSizeMin                         0x0800e214   Data           4  os_cfg_app.o(.constdata)
    OSCfg_TickRate_Hz                        0x0800e218   Data           4  os_cfg_app.o(.constdata)
    OSCfg_TickTaskStkBasePtr                 0x0800e21c   Data           4  os_cfg_app.o(.constdata)
    OSCfg_TickTaskStkLimit                   0x0800e220   Data           4  os_cfg_app.o(.constdata)
    OSCfg_TickTaskStkSize                    0x0800e224   Data           4  os_cfg_app.o(.constdata)
    OSCfg_TickTaskStkSizeRAM                 0x0800e228   Data           4  os_cfg_app.o(.constdata)
    OSCfg_TickWheelSizeRAM                   0x0800e22c   Data           4  os_cfg_app.o(.constdata)
    OSCfg_TmrTaskRate_Hz                     0x0800e230   Data           4  os_cfg_app.o(.constdata)
    OSCfg_TmrTaskStkBasePtr                  0x0800e234   Data           4  os_cfg_app.o(.constdata)
    OSCfg_TmrTaskStkLimit                    0x0800e238   Data           4  os_cfg_app.o(.constdata)
    OSCfg_TmrTaskStkSize                     0x0800e23c   Data           4  os_cfg_app.o(.constdata)
    OSCfg_TmrTaskStkSizeRAM                  0x0800e240   Data           4  os_cfg_app.o(.constdata)
    OSCfg_TmrWheelSizeRAM                    0x0800e244   Data           4  os_cfg_app.o(.constdata)
    OSCfg_DataSizeRAM                        0x0800e248   Data           4  os_cfg_app.o(.constdata)
    Region$$Table$$Base                      0x0800e324   Number         0  anon$$obj.o(Region$$Table)
    Region$$Table$$Limit                     0x0800e344   Number         0  anon$$obj.o(Region$$Table)
    __ctype                                  0x0800e351   Data           0  lc_ctype_c.o(locale$$data)
    i                                        0x20000000   Data           1  main.o(.data)
    card_size                                0x20000001   Data           1  main.o(.data)
    status                                   0x20000002   Data           1  main.o(.data)
    ensure                                   0x20000003   Data           1  main.o(.data)
    card_pydebuf                             0x20000004   Data           2  main.o(.data)
    password                                 0x20000008   Data           4  main.o(.data)
    blue_flag                                0x2000000c   Data           4  main.o(.data)
    times                                    0x20000010   Data           4  main.o(.data)
    card_numberbuf                           0x20000014   Data           5  main.o(.data)
    card_key0Abuf                            0x20000019   Data           6  main.o(.data)
    card_writebuf                            0x2000001f   Data           6  main.o(.data)
    BMP1                                     0x20000025   Data        1024  main.o(.data)
    BMP2                                     0x20000425   Data        1024  main.o(.data)
    BMP3                                     0x20000825   Data          60  main.o(.data)
    BMP4                                     0x20000861   Data          60  main.o(.data)
    BMP5                                     0x2000089d   Data        1024  main.o(.data)
    BMP6                                     0x20000c9d   Data        1024  main.o(.data)
    BMP7                                     0x2000109d   Data        1024  main.o(.data)
    BMP8                                     0x2000149d   Data        1024  main.o(.data)
    BMP9                                     0x2000189d   Data        1024  main.o(.data)
    BMP10                                    0x20001c9d   Data        1024  main.o(.data)
    SystemCoreClock                          0x200020a0   Data           4  system_stm32f4xx.o(.data)
    AHBPrescTable                            0x200020a4   Data          16  system_stm32f4xx.o(.data)
    Hzk                                      0x200020bc   Data        6528  oled.o(.data)
    RTC_TimeStructure                        0x20003a40   Data           4  rtc.o(.data)
    RTC_DateStructure                        0x20003a44   Data           4  rtc.o(.data)
    GPIO_InitStructure                       0x20003a60   Data           8  buzzer.o(.data)
    USART2_RX_STA                            0x20003a68   Data           2  usart2.o(.data)
    AS608Addr                                0x20003a6c   Data           4  as608.o(.data)
    ValidN                                   0x20003a70   Data           2  as608_fun.o(.data)
    __stdout                                 0x20003aac   Data           4  usart.o(.data)
    CPU_TS_TmrFreq_Hz                        0x20003ab0   Data           4  cpu_core.o(.data)
    Mem_PoolTbl                              0x20003ab4   Data           4  lib_mem.o(.data)
    OSPrioTbl                                0x20003ab8   Data           8  os_prio.o(.data)
    OS_AppTaskCreateHookPtr                  0x20003ac0   Data           4  os_var.o(.data)
    OS_AppTaskDelHookPtr                     0x20003ac4   Data           4  os_var.o(.data)
    OS_AppTaskReturnHookPtr                  0x20003ac8   Data           4  os_var.o(.data)
    OS_AppIdleTaskHookPtr                    0x20003acc   Data           4  os_var.o(.data)
    OS_AppStatTaskHookPtr                    0x20003ad0   Data           4  os_var.o(.data)
    OS_AppTaskSwHookPtr                      0x20003ad4   Data           4  os_var.o(.data)
    OS_AppTimeTickHookPtr                    0x20003ad8   Data           4  os_var.o(.data)
    OSIdleTaskCtr                            0x20003adc   Data           4  os_var.o(.data)
    OSIntNestingCtr                          0x20003ae0   Data           1  os_var.o(.data)
    OSRunning                                0x20003ae1   Data           1  os_var.o(.data)
    OSFlagDbgListPtr                         0x20003ae4   Data           4  os_var.o(.data)
    OSFlagQty                                0x20003ae8   Data           2  os_var.o(.data)
    OSMemDbgListPtr                          0x20003aec   Data           4  os_var.o(.data)
    OSMemQty                                 0x20003af0   Data           2  os_var.o(.data)
    OSMutexDbgListPtr                        0x20003af4   Data           4  os_var.o(.data)
    OSMutexQty                               0x20003af8   Data           2  os_var.o(.data)
    OSPrioCur                                0x20003afa   Data           1  os_var.o(.data)
    OSPrioHighRdy                            0x20003afb   Data           1  os_var.o(.data)
    OSPrioSaved                              0x20003afc   Data           1  os_var.o(.data)
    OSQDbgListPtr                            0x20003b00   Data           4  os_var.o(.data)
    OSQQty                                   0x20003b04   Data           2  os_var.o(.data)
    OSSchedLockTimeBegin                     0x20003b08   Data           4  os_var.o(.data)
    OSSchedLockTimeMax                       0x20003b0c   Data           4  os_var.o(.data)
    OSSchedLockTimeMaxCur                    0x20003b10   Data           4  os_var.o(.data)
    OSSchedLockNestingCtr                    0x20003b14   Data           1  os_var.o(.data)
    OSSemDbgListPtr                          0x20003b18   Data           4  os_var.o(.data)
    OSSemQty                                 0x20003b1c   Data           2  os_var.o(.data)
    OSTaskCtxSwCtr                           0x20003b20   Data           4  os_var.o(.data)
    OSTaskDbgListPtr                         0x20003b24   Data           4  os_var.o(.data)
    OSTaskQty                                0x20003b28   Data           2  os_var.o(.data)
    OSTaskRegNextAvailID                     0x20003b2a   Data           1  os_var.o(.data)
    OSTickCtr                                0x20003b2c   Data           4  os_var.o(.data)
    OSTickTaskTimeMax                        0x20003b30   Data           4  os_var.o(.data)
    OSTmrDbgListPtr                          0x20003b34   Data           4  os_var.o(.data)
    OSTmrQty                                 0x20003b38   Data           2  os_var.o(.data)
    OSTmrTaskTimeMax                         0x20003b3c   Data           4  os_var.o(.data)
    OSTmrTickCtr                             0x20003b40   Data           4  os_var.o(.data)
    OSTmrUpdateCnt                           0x20003b44   Data           4  os_var.o(.data)
    OSTmrUpdateCtr                           0x20003b48   Data           4  os_var.o(.data)
    OSTCBCurPtr                              0x20003b4c   Data           4  os_var.o(.data)
    OSTCBHighRdyPtr                          0x20003b50   Data           4  os_var.o(.data)
    OS_CPU_ExceptStkBase                     0x20003b54   Data           4  os_cpu_c.o(.data)
    buf                                      0x20003b5c   Data         128  main.o(.bss)
    usart1_queue                             0x20003bdc   Data          48  main.o(.bss)
    usart3_queue                             0x20003c0c   Data          48  main.o(.bss)
    rfid_queue                               0x20003c3c   Data          48  main.o(.bss)
    key_queue                                0x20003c6c   Data          48  main.o(.bss)
    g_flag_grp                               0x20003c9c   Data          40  main.o(.bss)
    g_mutex_oled                             0x20003cc4   Data          44  main.o(.bss)
    g_sem                                    0x20003cf0   Data          40  main.o(.bss)
    card_readbuf                             0x20003d18   Data          18  main.o(.bss)
    startup_init_TCB                         0x20003d2c   Data         196  main.o(.bss)
    startup_init_stk                         0x20003df0   Data         512  main.o(.bss)
    bluetooth_TCB                            0x20003ff0   Data         196  main.o(.bss)
    bluetooth_stk                            0x200040b4   Data        4096  main.o(.bss)
    Task2_TCB                                0x200050b4   Data         196  main.o(.bss)
    task2_stk                                0x20005178   Data       14400  main.o(.bss)
    Task3_TCB                                0x200089b8   Data         196  main.o(.bss)
    task3_stk                                0x20008a7c   Data        4096  main.o(.bss)
    Task4_TCB                                0x20009a7c   Data         196  main.o(.bss)
    task4_stk                                0x20009b40   Data        8096  main.o(.bss)
    Task5_TCB                                0x2000bae0   Data         196  main.o(.bss)
    task5_stk                                0x2000bba4   Data        4096  main.o(.bss)
    Task6_TCB                                0x2000cba4   Data         196  main.o(.bss)
    task6_stk                                0x2000cc68   Data        4096  main.o(.bss)
    Task7_TCB                                0x2000dc68   Data         196  main.o(.bss)
    task7_stk                                0x2000dd2c   Data        4096  main.o(.bss)
    USART2_RX_BUF                            0x2000ed38   Data         800  usart2.o(.bss)
    AS608Para                                0x2000f058   Data          12  as608_fun.o(.bss)
    CPU_Name                                 0x2000f174   Data          16  cpu_core.o(.bss)
    Mem_PoolHeap                             0x2000f184   Data          72  lib_mem.o(.bss)
    Mem_Heap                                 0x2000f1cc   Data        1024  lib_mem.o(.bss)
    OSCfg_IdleTaskStk                        0x2000f5cc   Data         512  os_cfg_app.o(.bss)
    OSCfg_ISRStk                             0x2000f7cc   Data         512  os_cfg_app.o(.bss)
    OSCfg_MsgPool                            0x2000f9cc   Data        1600  os_cfg_app.o(.bss)
    OSCfg_TickTaskStk                        0x2001000c   Data         512  os_cfg_app.o(.bss)
    OSCfg_TickWheel                          0x2001020c   Data         136  os_cfg_app.o(.bss)
    OSCfg_TmrTaskStk                         0x20010294   Data         512  os_cfg_app.o(.bss)
    OSCfg_TmrWheel                           0x20010494   Data         136  os_cfg_app.o(.bss)
    OSIdleTaskTCB                            0x2001051c   Data         196  os_var.o(.bss)
    OSMsgPool                                0x200105e0   Data          12  os_var.o(.bss)
    OSRdyList                                0x200105ec   Data         768  os_var.o(.bss)
    OSTickTaskTCB                            0x200108ec   Data         196  os_var.o(.bss)
    OSTmrTaskTCB                             0x200109b0   Data         196  os_var.o(.bss)
    __libspace_start                         0x20010a74   Data          96  libspace.o(.bss)
    __temporary_stack_top$libspace           0x20010ad4   Data           0  libspace.o(.bss)



==============================================================================

Memory Map of the image

  Image Entry point : 0x08000189

  Load Region LR_IROM1 (Base: 0x08000000, Size: 0x00011fcc, Max: 0x00100000, ABSOLUTE, COMPRESSED[0x0000ee38])

    Execution Region ER_IROM1 (Base: 0x08000000, Size: 0x0000e470, Max: 0x00100000, ABSOLUTE)

    Base Addr    Size         Type   Attr      Idx    E Section Name        Object

    0x08000000   0x00000188   Data   RO          653    RESET               startup_stm32f40_41xxx.o
    0x08000188   0x00000008   Code   RO         1591  * !!!main             c_w.l(__main.o)
    0x08000190   0x00000034   Code   RO         1878    !!!scatter          c_w.l(__scatter.o)
    0x080001c4   0x00000064   Code   RO         1876    !!dclz77c           c_w.l(__dclz77c.o)
    0x08000228   0x0000001c   Code   RO         1880    !!handler_zi        c_w.l(__scatter_zi.o)
    0x08000244   0x00000000   Code   RO         1567    .ARM.Collect$$_printf_percent$$00000000  c_w.l(_printf_percent.o)
    0x08000244   0x00000006   Code   RO         1629    .ARM.Collect$$_printf_percent$$00000001  c_w.l(_printf_n.o)
    0x0800024a   0x00000006   Code   RO         1630    .ARM.Collect$$_printf_percent$$00000002  c_w.l(_printf_p.o)
    0x08000250   0x00000006   Code   RO         1634    .ARM.Collect$$_printf_percent$$00000003  c_w.l(_printf_f.o)
    0x08000256   0x00000006   Code   RO         1635    .ARM.Collect$$_printf_percent$$00000004  c_w.l(_printf_e.o)
    0x0800025c   0x00000006   Code   RO         1636    .ARM.Collect$$_printf_percent$$00000005  c_w.l(_printf_g.o)
    0x08000262   0x00000006   Code   RO         1637    .ARM.Collect$$_printf_percent$$00000006  c_w.l(_printf_a.o)
    0x08000268   0x0000000a   Code   RO         1642    .ARM.Collect$$_printf_percent$$00000007  c_w.l(_printf_ll.o)
    0x08000272   0x00000006   Code   RO         1632    .ARM.Collect$$_printf_percent$$00000008  c_w.l(_printf_i.o)
    0x08000278   0x00000006   Code   RO         1566    .ARM.Collect$$_printf_percent$$00000009  c_w.l(_printf_d.o)
    0x0800027e   0x00000006   Code   RO         1633    .ARM.Collect$$_printf_percent$$0000000A  c_w.l(_printf_u.o)
    0x08000284   0x00000006   Code   RO         1631    .ARM.Collect$$_printf_percent$$0000000B  c_w.l(_printf_o.o)
    0x0800028a   0x00000006   Code   RO         1565    .ARM.Collect$$_printf_percent$$0000000C  c_w.l(_printf_x.o)
    0x08000290   0x00000006   Code   RO         1639    .ARM.Collect$$_printf_percent$$0000000D  c_w.l(_printf_lli.o)
    0x08000296   0x00000006   Code   RO         1640    .ARM.Collect$$_printf_percent$$0000000E  c_w.l(_printf_lld.o)
    0x0800029c   0x00000006   Code   RO         1641    .ARM.Collect$$_printf_percent$$0000000F  c_w.l(_printf_llu.o)
    0x080002a2   0x00000006   Code   RO         1646    .ARM.Collect$$_printf_percent$$00000010  c_w.l(_printf_llo.o)
    0x080002a8   0x00000006   Code   RO         1647    .ARM.Collect$$_printf_percent$$00000011  c_w.l(_printf_llx.o)
    0x080002ae   0x0000000a   Code   RO         1643    .ARM.Collect$$_printf_percent$$00000012  c_w.l(_printf_l.o)
    0x080002b8   0x00000006   Code   RO         1628    .ARM.Collect$$_printf_percent$$00000013  c_w.l(_printf_c.o)
    0x080002be   0x00000006   Code   RO         1564    .ARM.Collect$$_printf_percent$$00000014  c_w.l(_printf_s.o)
    0x080002c4   0x00000006   Code   RO         1644    .ARM.Collect$$_printf_percent$$00000015  c_w.l(_printf_lc.o)
    0x080002ca   0x00000006   Code   RO         1645    .ARM.Collect$$_printf_percent$$00000016  c_w.l(_printf_ls.o)
    0x080002d0   0x00000004   Code   RO         1638    .ARM.Collect$$_printf_percent$$00000017  c_w.l(_printf_percent_end.o)
    0x080002d4   0x00000002   Code   RO         1749    .ARM.Collect$$libinit$$00000000  c_w.l(libinit.o)
    0x080002d6   0x00000004   Code   RO         1763    .ARM.Collect$$libinit$$00000001  c_w.l(libinit2.o)
    0x080002da   0x00000000   Code   RO         1766    .ARM.Collect$$libinit$$00000004  c_w.l(libinit2.o)
    0x080002da   0x00000000   Code   RO         1769    .ARM.Collect$$libinit$$0000000A  c_w.l(libinit2.o)
    0x080002da   0x00000000   Code   RO         1771    .ARM.Collect$$libinit$$0000000C  c_w.l(libinit2.o)
    0x080002da   0x00000000   Code   RO         1773    .ARM.Collect$$libinit$$0000000E  c_w.l(libinit2.o)
    0x080002da   0x00000006   Code   RO         1774    .ARM.Collect$$libinit$$0000000F  c_w.l(libinit2.o)
    0x080002e0   0x00000000   Code   RO         1776    .ARM.Collect$$libinit$$00000011  c_w.l(libinit2.o)
    0x080002e0   0x0000000c   Code   RO         1777    .ARM.Collect$$libinit$$00000012  c_w.l(libinit2.o)
    0x080002ec   0x00000000   Code   RO         1778    .ARM.Collect$$libinit$$00000013  c_w.l(libinit2.o)
    0x080002ec   0x00000000   Code   RO         1780    .ARM.Collect$$libinit$$00000015  c_w.l(libinit2.o)
    0x080002ec   0x0000000a   Code   RO         1781    .ARM.Collect$$libinit$$00000016  c_w.l(libinit2.o)
    0x080002f6   0x00000000   Code   RO         1782    .ARM.Collect$$libinit$$00000017  c_w.l(libinit2.o)
    0x080002f6   0x00000000   Code   RO         1784    .ARM.Collect$$libinit$$00000019  c_w.l(libinit2.o)
    0x080002f6   0x00000000   Code   RO         1786    .ARM.Collect$$libinit$$0000001B  c_w.l(libinit2.o)
    0x080002f6   0x00000000   Code   RO         1788    .ARM.Collect$$libinit$$0000001D  c_w.l(libinit2.o)
    0x080002f6   0x00000000   Code   RO         1790    .ARM.Collect$$libinit$$0000001F  c_w.l(libinit2.o)
    0x080002f6   0x00000000   Code   RO         1792    .ARM.Collect$$libinit$$00000021  c_w.l(libinit2.o)
    0x080002f6   0x00000000   Code   RO         1794    .ARM.Collect$$libinit$$00000023  c_w.l(libinit2.o)
    0x080002f6   0x00000000   Code   RO         1796    .ARM.Collect$$libinit$$00000025  c_w.l(libinit2.o)
    0x080002f6   0x00000000   Code   RO         1800    .ARM.Collect$$libinit$$0000002C  c_w.l(libinit2.o)
    0x080002f6   0x00000000   Code   RO         1802    .ARM.Collect$$libinit$$0000002E  c_w.l(libinit2.o)
    0x080002f6   0x00000000   Code   RO         1804    .ARM.Collect$$libinit$$00000030  c_w.l(libinit2.o)
    0x080002f6   0x00000000   Code   RO         1806    .ARM.Collect$$libinit$$00000032  c_w.l(libinit2.o)
    0x080002f6   0x00000002   Code   RO         1807    .ARM.Collect$$libinit$$00000033  c_w.l(libinit2.o)
    0x080002f8   0x00000002   Code   RO         1833    .ARM.Collect$$libshutdown$$00000000  c_w.l(libshutdown.o)
    0x080002fa   0x00000000   Code   RO         1861    .ARM.Collect$$libshutdown$$00000003  c_w.l(libshutdown2.o)
    0x080002fa   0x00000000   Code   RO         1864    .ARM.Collect$$libshutdown$$00000006  c_w.l(libshutdown2.o)
    0x080002fa   0x00000000   Code   RO         1867    .ARM.Collect$$libshutdown$$00000009  c_w.l(libshutdown2.o)
    0x080002fa   0x00000000   Code   RO         1869    .ARM.Collect$$libshutdown$$0000000B  c_w.l(libshutdown2.o)
    0x080002fa   0x00000000   Code   RO         1872    .ARM.Collect$$libshutdown$$0000000E  c_w.l(libshutdown2.o)
    0x080002fa   0x00000002   Code   RO         1873    .ARM.Collect$$libshutdown$$0000000F  c_w.l(libshutdown2.o)
    0x080002fc   0x00000000   Code   RO         1595    .ARM.Collect$$rtentry$$00000000  c_w.l(__rtentry.o)
    0x080002fc   0x00000000   Code   RO         1658    .ARM.Collect$$rtentry$$00000002  c_w.l(__rtentry2.o)
    0x080002fc   0x00000006   Code   RO         1670    .ARM.Collect$$rtentry$$00000004  c_w.l(__rtentry4.o)
    0x08000302   0x00000000   Code   RO         1660    .ARM.Collect$$rtentry$$00000009  c_w.l(__rtentry2.o)
    0x08000302   0x00000004   Code   RO         1661    .ARM.Collect$$rtentry$$0000000A  c_w.l(__rtentry2.o)
    0x08000306   0x00000000   Code   RO         1663    .ARM.Collect$$rtentry$$0000000C  c_w.l(__rtentry2.o)
    0x08000306   0x00000008   Code   RO         1664    .ARM.Collect$$rtentry$$0000000D  c_w.l(__rtentry2.o)
    0x0800030e   0x00000002   Code   RO         1755    .ARM.Collect$$rtexit$$00000000  c_w.l(rtexit.o)
    0x08000310   0x00000000   Code   RO         1809    .ARM.Collect$$rtexit$$00000002  c_w.l(rtexit2.o)
    0x08000310   0x00000004   Code   RO         1810    .ARM.Collect$$rtexit$$00000003  c_w.l(rtexit2.o)
    0x08000314   0x00000006   Code   RO         1811    .ARM.Collect$$rtexit$$00000004  c_w.l(rtexit2.o)
    0x0800031a   0x00000002   PAD
    0x0800031c   0x00001cd0   Code   RO            3    .text               main.o
    0x08001fec   0x0000000e   Code   RO          264    .text               stm32f4xx_it.o
    0x08001ffa   0x00000002   PAD
    0x08001ffc   0x0000017c   Code   RO          313    .text               system_stm32f4xx.o
    0x08002178   0x00000074   Code   RO          339    .text               led.o
    0x080021ec   0x0000042c   Code   RO          359    .text               oled.o
    0x08002618   0x000001c0   Code   RO          391    .text               rtc.o
    0x080027d8   0x00000178   Code   RO          423    .text               flash.o
    0x08002950   0x00000440   Code   RO          447    .text               key.o
    0x08002d90   0x000005c2   Code   RO          470    .text               mfrc522.o
    0x08003352   0x00000002   PAD
    0x08003354   0x0000003c   Code   RO          501    .text               buzzer.o
    0x08003390   0x00000128   Code   RO          524    .text               usart2.o
    0x080034b8   0x00000088   Code   RO          552    .text               timer.o
    0x08003540   0x00000998   Code   RO          573    .text               as608.o
    0x08003ed8   0x00000720   Code   RO          606    .text               as608_fun.o
    0x080045f8   0x00000034   Code   RO          631    .text               lock.o
    0x0800462c   0x00000040   Code   RO          654    .text               startup_stm32f40_41xxx.o
    0x0800466c   0x000000b0   Code   RO          660    .text               misc.o
    0x0800471c   0x0000020c   Code   RO          680    .text               stm32f4xx_gpio.o
    0x08004928   0x00000480   Code   RO          700    .text               stm32f4xx_rcc.o
    0x08004da8   0x00000358   Code   RO          742    .text               stm32f4xx_usart.o
    0x08005100   0x000009dc   Code   RO          785    .text               stm32f4xx_tim.o
    0x08005adc   0x00000a4c   Code   RO          826    .text               stm32f4xx_rtc.o
    0x08006528   0x000000e0   Code   RO          847    .text               stm32f4xx_exti.o
    0x08006608   0x00000128   Code   RO          867    .text               stm32f4xx_pwr.o
    0x08006730   0x000004e8   Code   RO          887    .text               stm32f4xx_flash.o
    0x08006c18   0x000000fc   Code   RO          951    .text               delay.o
    0x08006d14   0x000002e8   Code   RO          991    .text               usart.o
    0x08006ffc   0x00000068   Code   RO         1021    .text               bsp.o
    0x08007064   0x000001bc   Code   RO         1055    .text               cpu_core.o
    0x08007220   0x00000034   Code   RO         1083    .text               cpu_a.o
    0x08007254   0x0000015a   Code   RO         1086    .text               lib_ascii.o
    0x080073ae   0x00000002   PAD
    0x080073b0   0x00000668   Code   RO         1121    .text               lib_mem.o
    0x08007a18   0x000005a8   Code   RO         1140    .text               lib_str.o
    0x08007fc0   0x00000220   Code   RO         1158    .text               lib_mem_a.o
    0x080081e0   0x00000002   Code   RO         1161    .text               os_cfg_app.o
    0x080081e2   0x00000002   PAD
    0x080081e4   0x00000936   Code   RO         1203    .text               os_core.o
    0x08008b1a   0x00000002   Code   RO         1216    .text               os_dbg.o
    0x08008b1c   0x00000664   Code   RO         1233    .text               os_flag.o
    0x08009180   0x00000154   Code   RO         1252    .text               os_mem.o
    0x080092d4   0x00000188   Code   RO         1264    .text               os_msg.o
    0x0800945c   0x0000057c   Code   RO         1276    .text               os_mutex.o
    0x080099d8   0x00000070   Code   RO         1295    .text               os_prio.o
    0x08009a48   0x00000514   Code   RO         1314    .text               os_q.o
    0x08009f5c   0x000004c0   Code   RO         1327    .text               os_sem.o
    0x0800a41c   0x00000c0c   Code   RO         1346    .text               os_task.o
    0x0800b028   0x0000031c   Code   RO         1358    .text               os_tick.o
    0x0800b344   0x000002a4   Code   RO         1371    .text               os_time.o
    0x0800b5e8   0x00000640   Code   RO         1383    .text               os_tmr.o
    0x0800bc28   0x00000260   Code   RO         1455    .text               os_cpu_c.o
    0x0800be88   0x00000002   Code   RO         1499    .text               c_w.l(use_no_semi_2.o)
    0x0800be8a   0x000000ee   Code   RO         1501    .text               c_w.l(lludivv7m.o)
    0x0800bf78   0x00000018   Code   RO         1503    .text               c_w.l(c89printf.o)
    0x0800bf90   0x00000018   Code   RO         1505    .text               c_w.l(__2printf.o)
    0x0800bfa8   0x0000002c   Code   RO         1507    .text               c_w.l(__2sprintf.o)
    0x0800bfd4   0x0000004e   Code   RO         1515    .text               c_w.l(_printf_pad.o)
    0x0800c022   0x00000024   Code   RO         1517    .text               c_w.l(_printf_truncate.o)
    0x0800c046   0x00000052   Code   RO         1519    .text               c_w.l(_printf_str.o)
    0x0800c098   0x00000078   Code   RO         1521    .text               c_w.l(_printf_dec.o)
    0x0800c110   0x00000094   Code   RO         1541    .text               c_w.l(_printf_hex_int_ll_ptr.o)
    0x0800c1a4   0x00000188   Code   RO         1561    .text               c_w.l(__printf_flags_ss_wp.o)
    0x0800c32c   0x0000001a   Code   RO         1568    .text               c_w.l(atoi.o)
    0x0800c346   0x00000002   PAD
    0x0800c348   0x0000000c   Code   RO         1570    .text               c_w.l(strtok.o)
    0x0800c354   0x00000024   Code   RO         1573    .text               c_w.l(strstr.o)
    0x0800c378   0x0000003e   Code   RO         1575    .text               c_w.l(strlen.o)
    0x0800c3b6   0x00000018   Code   RO         1577    .text               c_w.l(strcat.o)
    0x0800c3ce   0x0000008a   Code   RO         1579    .text               c_w.l(rt_memcpy_v6.o)
    0x0800c458   0x00000064   Code   RO         1581    .text               c_w.l(rt_memcpy_w.o)
    0x0800c4bc   0x00000044   Code   RO         1583    .text               c_w.l(rt_memclr.o)
    0x0800c500   0x0000004e   Code   RO         1585    .text               c_w.l(rt_memclr_w.o)
    0x0800c54e   0x00000002   PAD
    0x0800c550   0x00000080   Code   RO         1587    .text               c_w.l(strcmpv7m.o)
    0x0800c5d0   0x00000006   Code   RO         1589    .text               c_w.l(heapauxi.o)
    0x0800c5d6   0x00000002   Code   RO         1593    .text               c_w.l(use_no_semi.o)
    0x0800c5d8   0x00000008   Code   RO         1603    .text               c_w.l(rt_errno_addr_intlibspace.o)
    0x0800c5e0   0x000000b2   Code   RO         1605    .text               c_w.l(_printf_intcommon.o)
    0x0800c692   0x00000028   Code   RO         1607    .text               c_w.l(_printf_charcount.o)
    0x0800c6ba   0x00000002   PAD
    0x0800c6bc   0x00000030   Code   RO         1609    .text               c_w.l(_printf_char_common.o)
    0x0800c6ec   0x0000000a   Code   RO         1611    .text               c_w.l(_sputc.o)
    0x0800c6f6   0x0000002c   Code   RO         1613    .text               c_w.l(_printf_char.o)
    0x0800c722   0x00000002   PAD
    0x0800c724   0x00000024   Code   RO         1615    .text               c_w.l(_printf_char_file.o)
    0x0800c748   0x000000bc   Code   RO         1617    .text               c_w.l(_printf_wctomb.o)
    0x0800c804   0x0000007c   Code   RO         1620    .text               c_w.l(_printf_longlong_dec.o)
    0x0800c880   0x00000070   Code   RO         1626    .text               c_w.l(_printf_oct_int_ll.o)
    0x0800c8f0   0x00000070   Code   RO         1648    .text               c_w.l(strtol.o)
    0x0800c960   0x00000044   Code   RO         1650    .text               c_w.l(strtok_int.o)
    0x0800c9a4   0x00000008   Code   RO         1654    .text               c_w.l(libspace.o)
    0x0800c9ac   0x00000010   Code   RO         1672    .text               c_w.l(rt_ctype_table.o)
    0x0800c9bc   0x0000008a   Code   RO         1676    .text               c_w.l(lludiv10.o)
    0x0800ca46   0x0000041a   Code   RO         1678    .text               c_w.l(_printf_fp_dec.o)
    0x0800ce60   0x0000002c   Code   RO         1682    .text               c_w.l(_printf_wchar.o)
    0x0800ce8c   0x0000009e   Code   RO         1684    .text               c_w.l(_strtoul.o)
    0x0800cf2a   0x00000008   Code   RO         1686    .text               c_w.l(ferror.o)
    0x0800cf32   0x00000040   Code   RO         1690    .text               c_w.l(_wcrtomb.o)
    0x0800cf72   0x00000020   Code   RO         1692    .text               c_w.l(strcspn.o)
    0x0800cf92   0x0000001c   Code   RO         1694    .text               c_w.l(strspn.o)
    0x0800cfae   0x0000004a   Code   RO         1696    .text               c_w.l(sys_stackheap_outer.o)
    0x0800cff8   0x00000008   Code   RO         1701    .text               c_w.l(rt_locale_intlibspace.o)
    0x0800d000   0x00000080   Code   RO         1703    .text               c_w.l(_printf_fp_infnan.o)
    0x0800d080   0x0000001c   Code   RO         1705    .text               c_w.l(_chval.o)
    0x0800d09c   0x000000dc   Code   RO         1707    .text               c_w.l(bigflt0.o)
    0x0800d178   0x0000000c   Code   RO         1738    .text               c_w.l(exit.o)
    0x0800d184   0x0000003e   Code   RO         1710    CL$$btod_d2e        c_w.l(btod.o)
    0x0800d1c2   0x00000046   Code   RO         1712    CL$$btod_d2e_denorm_low  c_w.l(btod.o)
    0x0800d208   0x00000060   Code   RO         1711    CL$$btod_d2e_norm_op1  c_w.l(btod.o)
    0x0800d268   0x00000338   Code   RO         1720    CL$$btod_div_common  c_w.l(btod.o)
    0x0800d5a0   0x000000c6   Code   RO         1717    CL$$btod_e2e        c_w.l(btod.o)
    0x0800d666   0x00000028   Code   RO         1714    CL$$btod_ediv       c_w.l(btod.o)
    0x0800d68e   0x00000028   Code   RO         1713    CL$$btod_emul       c_w.l(btod.o)
    0x0800d6b6   0x00000244   Code   RO         1719    CL$$btod_mult_common  c_w.l(btod.o)
    0x0800d8fa   0x00000002   PAD
    0x0800d8fc   0x000000ac   Code   RO         1479    CODE                os_cpu_a.o
    0x0800d9a8   0x00000030   Code   RO         1753    i.__ARM_fpclassify  m_wm.l(fpclassify.o)
    0x0800d9d8   0x0000000e   Code   RO         1554    i._is_digit         c_w.l(__printf_wp.o)
    0x0800d9e6   0x00000002   PAD
    0x0800d9e8   0x0000002c   Code   RO         1733    locale$$code        c_w.l(lc_ctype_c.o)
    0x0800da14   0x0000002c   Code   RO         1736    locale$$code        c_w.l(lc_numeric_c.o)
    0x0800da40   0x0000000a   Code   RO         1821    x$fpl$fpinit        fz_wm.l(fpinit.o)
    0x0800da4a   0x00000004   Code   RO         1652    x$fpl$printf1       fz_wm.l(printf1.o)
    0x0800da4e   0x00000000   Code   RO         1752    x$fpl$usenofp       fz_wm.l(usenofp.o)
    0x0800da4e   0x00000002   PAD
    0x0800da50   0x00000014   Data   RO            6    .constdata          main.o
    0x0800da64   0x000005f0   Data   RO          361    .constdata          oled.o
    0x0800e054   0x00000100   Data   RO         1057    .constdata          cpu_core.o
    0x0800e154   0x00000094   Data   RO         1141    .constdata          lib_str.o
    0x0800e1e8   0x00000064   Data   RO         1169    .constdata          os_cfg_app.o
    0x0800e24c   0x00000028   Data   RO         1542    .constdata          c_w.l(_printf_hex_int_ll_ptr.o)
    0x0800e274   0x00000011   Data   RO         1562    .constdata          c_w.l(__printf_flags_ss_wp.o)
    0x0800e285   0x00000003   PAD
    0x0800e288   0x00000008   Data   RO         1618    .constdata          c_w.l(_printf_wctomb.o)
    0x0800e290   0x00000094   Data   RO         1708    .constdata          c_w.l(bigflt0.o)
    0x0800e324   0x00000020   Data   RO         1874    Region$$Table       anon$$obj.o
    0x0800e344   0x00000110   Data   RO         1732    locale$$data        c_w.l(lc_ctype_c.o)
    0x0800e454   0x0000001c   Data   RO         1735    locale$$data        c_w.l(lc_numeric_c.o)


    Execution Region RW_IRAM1 (Base: 0x20000000, Size: 0x00016ad8, Max: 0x00020000, ABSOLUTE, COMPRESSED[0x000009c8])

    Base Addr    Size         Type   Attr      Idx    E Section Name        Object

    0x20000000   0x0000209d   Data   RW            7    .data               main.o
    0x2000209d   0x00000003   PAD
    0x200020a0   0x00000014   Data   RW          314    .data               system_stm32f4xx.o
    0x200020b4   0x00001988   Data   RW          362    .data               oled.o
    0x20003a3c   0x00000014   Data   RW          393    .data               rtc.o
    0x20003a50   0x00000008   Data   RW          448    .data               key.o
    0x20003a58   0x00000008   Data   RW          475    .data               mfrc522.o
    0x20003a60   0x00000008   Data   RW          502    .data               buzzer.o
    0x20003a68   0x00000002   Data   RW          527    .data               usart2.o
    0x20003a6a   0x00000002   PAD
    0x20003a6c   0x00000004   Data   RW          574    .data               as608.o
    0x20003a70   0x00000002   Data   RW          608    .data               as608_fun.o
    0x20003a72   0x00000002   PAD
    0x20003a74   0x00000008   Data   RW          632    .data               lock.o
    0x20003a7c   0x00000010   Data   RW          701    .data               stm32f4xx_rcc.o
    0x20003a8c   0x00000004   Data   RW          952    .data               delay.o
    0x20003a90   0x0000001c   Data   RW          993    .data               usart.o
    0x20003aac   0x00000004   Data   RW          994    .data               usart.o
    0x20003ab0   0x00000004   Data   RW         1059    .data               cpu_core.o
    0x20003ab4   0x00000004   Data   RW         1123    .data               lib_mem.o
    0x20003ab8   0x00000008   Data   RW         1296    .data               os_prio.o
    0x20003ac0   0x00000004   Data   RW         1400    .data               os_var.o
    0x20003ac4   0x00000004   Data   RW         1401    .data               os_var.o
    0x20003ac8   0x00000004   Data   RW         1402    .data               os_var.o
    0x20003acc   0x00000004   Data   RW         1403    .data               os_var.o
    0x20003ad0   0x00000004   Data   RW         1404    .data               os_var.o
    0x20003ad4   0x00000004   Data   RW         1405    .data               os_var.o
    0x20003ad8   0x00000004   Data   RW         1406    .data               os_var.o
    0x20003adc   0x00000004   Data   RW         1407    .data               os_var.o
    0x20003ae0   0x00000001   Data   RW         1408    .data               os_var.o
    0x20003ae1   0x00000001   Data   RW         1409    .data               os_var.o
    0x20003ae2   0x00000002   PAD
    0x20003ae4   0x00000004   Data   RW         1410    .data               os_var.o
    0x20003ae8   0x00000002   Data   RW         1411    .data               os_var.o
    0x20003aea   0x00000002   PAD
    0x20003aec   0x00000004   Data   RW         1412    .data               os_var.o
    0x20003af0   0x00000002   Data   RW         1413    .data               os_var.o
    0x20003af2   0x00000002   PAD
    0x20003af4   0x00000004   Data   RW         1414    .data               os_var.o
    0x20003af8   0x00000002   Data   RW         1415    .data               os_var.o
    0x20003afa   0x00000001   Data   RW         1416    .data               os_var.o
    0x20003afb   0x00000001   Data   RW         1417    .data               os_var.o
    0x20003afc   0x00000001   Data   RW         1418    .data               os_var.o
    0x20003afd   0x00000003   PAD
    0x20003b00   0x00000004   Data   RW         1419    .data               os_var.o
    0x20003b04   0x00000002   Data   RW         1420    .data               os_var.o
    0x20003b06   0x00000002   PAD
    0x20003b08   0x00000004   Data   RW         1421    .data               os_var.o
    0x20003b0c   0x00000004   Data   RW         1422    .data               os_var.o
    0x20003b10   0x00000004   Data   RW         1423    .data               os_var.o
    0x20003b14   0x00000001   Data   RW         1424    .data               os_var.o
    0x20003b15   0x00000003   PAD
    0x20003b18   0x00000004   Data   RW         1425    .data               os_var.o
    0x20003b1c   0x00000002   Data   RW         1426    .data               os_var.o
    0x20003b1e   0x00000002   PAD
    0x20003b20   0x00000004   Data   RW         1427    .data               os_var.o
    0x20003b24   0x00000004   Data   RW         1428    .data               os_var.o
    0x20003b28   0x00000002   Data   RW         1429    .data               os_var.o
    0x20003b2a   0x00000001   Data   RW         1430    .data               os_var.o
    0x20003b2b   0x00000001   PAD
    0x20003b2c   0x00000004   Data   RW         1431    .data               os_var.o
    0x20003b30   0x00000004   Data   RW         1432    .data               os_var.o
    0x20003b34   0x00000004   Data   RW         1433    .data               os_var.o
    0x20003b38   0x00000002   Data   RW         1434    .data               os_var.o
    0x20003b3a   0x00000002   PAD
    0x20003b3c   0x00000004   Data   RW         1435    .data               os_var.o
    0x20003b40   0x00000004   Data   RW         1436    .data               os_var.o
    0x20003b44   0x00000004   Data   RW         1437    .data               os_var.o
    0x20003b48   0x00000004   Data   RW         1438    .data               os_var.o
    0x20003b4c   0x00000004   Data   RW         1439    .data               os_var.o
    0x20003b50   0x00000004   Data   RW         1440    .data               os_var.o
    0x20003b54   0x00000004   Data   RW         1456    .data               os_cpu_c.o
    0x20003b58   0x00000004   Data   RW         1571    .data               c_w.l(strtok.o)
    0x20003b5c   0x0000b1d0   Zero   RW            4    .bss                main.o
    0x2000ed2c   0x0000000c   Zero   RW          392    .bss                rtc.o
    0x2000ed38   0x00000320   Zero   RW          525    .bss                usart2.o
    0x2000f058   0x0000000c   Zero   RW          607    .bss                as608_fun.o
    0x2000f064   0x00000110   Zero   RW          992    .bss                usart.o
    0x2000f174   0x00000010   Zero   RW         1056    .bss                cpu_core.o
    0x2000f184   0x00000448   Zero   RW         1122    .bss                lib_mem.o
    0x2000f5cc   0x00000200   Zero   RW         1162    .bss                os_cfg_app.o
    0x2000f7cc   0x00000200   Zero   RW         1163    .bss                os_cfg_app.o
    0x2000f9cc   0x00000640   Zero   RW         1164    .bss                os_cfg_app.o
    0x2001000c   0x00000200   Zero   RW         1165    .bss                os_cfg_app.o
    0x2001020c   0x00000088   Zero   RW         1166    .bss                os_cfg_app.o
    0x20010294   0x00000200   Zero   RW         1167    .bss                os_cfg_app.o
    0x20010494   0x00000088   Zero   RW         1168    .bss                os_cfg_app.o
    0x2001051c   0x000000c4   Zero   RW         1395    .bss                os_var.o
    0x200105e0   0x0000000c   Zero   RW         1396    .bss                os_var.o
    0x200105ec   0x00000300   Zero   RW         1397    .bss                os_var.o
    0x200108ec   0x000000c4   Zero   RW         1398    .bss                os_var.o
    0x200109b0   0x000000c4   Zero   RW         1399    .bss                os_var.o
    0x20010a74   0x00000060   Zero   RW         1655    .bss                c_w.l(libspace.o)
    0x20010ad4   0x00000004   PAD
    0x20010ad8   0x00002000   Zero   RW          652    HEAP                startup_stm32f40_41xxx.o
    0x20012ad8   0x00004000   Zero   RW          651    STACK               startup_stm32f40_41xxx.o


==============================================================================

Image component sizes


      Code (inc. data)   RO Data    RW Data    ZI Data      Debug   Object Name

      2456        648          0          4          0       9310   as608.o
      1824        156          0          2         12       3183   as608_fun.o
       104         14          0          0          0       1861   bsp.o
        60         12          0          8          0        835   buzzer.o
        52          0          0          0          0        352   cpu_a.o
       444         12        256          4         16      14177   cpu_core.o
       252         28          0          4          0       1429   delay.o
       376        132          0          0          0       1638   flash.o
      1088        112          0          8          0       2960   key.o
       116         10          0          0          0        627   led.o
       346          0          0          0          0       4174   lib_ascii.o
      1640         26          0          4       1096      18788   lib_mem.o
       544          0          0          0          0        500   lib_mem_a.o
      1448          4        148          0          0       9108   lib_str.o
        52         10          0          8          0        780   lock.o
      7376       1404         20       8349      45520     356104   main.o
      1474         30          0          8          0       6492   mfrc522.o
       176         12          0          0          0       1981   misc.o
      1068         24       1520       6536          0       4467   oled.o
         2          0        100          0       3920      19225   os_cfg_app.o
      2358        198          0          0          0       9642   os_core.o
       172         32          0          0          0        420   os_cpu_a.o
       608         66          0          4          0       3929   os_cpu_c.o
         2          0          0          0          0        542   os_dbg.o
      1636         70          0          0          0       5673   os_flag.o
       340         16          0          0          0       2284   os_mem.o
       392         14          0          0          0       2555   os_msg.o
      1404         80          0          0          0       4316   os_mutex.o
       112          6          0          8          0       1920   os_prio.o
      1300         52          0          0          0       4822   os_q.o
      1216         58          0          0          0       4742   os_sem.o
      3084        150          0          0          0       9830   os_task.o
       796         74          0          0          0       3079   os_tick.o
       676         46          0          0          0       2737   os_time.o
      1600        124          0          0          0       5478   os_tmr.o
         0          0          0        129       1368      17548   os_var.o
       448         12          0         20         12       1533   rtc.o
        64         26        392          0      24576        860   startup_stm32f40_41xxx.o
       224         10          0          0          0       2379   stm32f4xx_exti.o
      1256         26          0          0          0       8592   stm32f4xx_flash.o
       524         44          0          0          0       3953   stm32f4xx_gpio.o
        14          0          0          0          0       1059   stm32f4xx_it.o
       296         12          0          0          0       3471   stm32f4xx_pwr.o
      1152         48          0         16          0      11804   stm32f4xx_rcc.o
      2636         48          0          0          0      14034   stm32f4xx_rtc.o
      2524         52          0          0          0      18462   stm32f4xx_tim.o
       856         32          0          0          0       6940   stm32f4xx_usart.o
       380         36          0         20          0       1939   system_stm32f4xx.o
       136         10          0          0          0        840   timer.o
       744         90          0         32        272       4599   usart.o
       296         20          0          2        800       1940   usart2.o

    ----------------------------------------------------------------------
     48152       4086       2468      15192      77592     619913   Object Totals
         0          0         32          0          0          0   (incl. Generated)
         8          0          0         26          0          0   (incl. Padding)

    ----------------------------------------------------------------------

      Code (inc. data)   RO Data    RW Data    ZI Data      Debug   Library Member Name

        24          4          0          0          0         84   __2printf.o
        44          6          0          0          0         84   __2sprintf.o
       100          0          0          0          0          0   __dclz77c.o
         8          0          0          0          0         68   __main.o
       392          4         17          0          0         92   __printf_flags_ss_wp.o
        14          0          0          0          0         68   __printf_wp.o
         0          0          0          0          0          0   __rtentry.o
        12          0          0          0          0          0   __rtentry2.o
         6          0          0          0          0          0   __rtentry4.o
        52          8          0          0          0          0   __scatter.o
        28          0          0          0          0          0   __scatter_zi.o
        28          0          0          0          0         68   _chval.o
         6          0          0          0          0          0   _printf_a.o
         6          0          0          0          0          0   _printf_c.o
        44          0          0          0          0        108   _printf_char.o
        48          6          0          0          0         96   _printf_char_common.o
        36          4          0          0          0         80   _printf_char_file.o
        40          0          0          0          0         68   _printf_charcount.o
         6          0          0          0          0          0   _printf_d.o
       120         16          0          0          0         92   _printf_dec.o
         6          0          0          0          0          0   _printf_e.o
         6          0          0          0          0          0   _printf_f.o
      1050          0          0          0          0        216   _printf_fp_dec.o
       128         16          0          0          0         84   _printf_fp_infnan.o
         6          0          0          0          0          0   _printf_g.o
       148          4         40          0          0        160   _printf_hex_int_ll_ptr.o
         6          0          0          0          0          0   _printf_i.o
       178          0          0          0          0         88   _printf_intcommon.o
        10          0          0          0          0          0   _printf_l.o
         6          0          0          0          0          0   _printf_lc.o
        10          0          0          0          0          0   _printf_ll.o
         6          0          0          0          0          0   _printf_lld.o
         6          0          0          0          0          0   _printf_lli.o
         6          0          0          0          0          0   _printf_llo.o
         6          0          0          0          0          0   _printf_llu.o
         6          0          0          0          0          0   _printf_llx.o
       124         16          0          0          0         92   _printf_longlong_dec.o
         6          0          0          0          0          0   _printf_ls.o
         6          0          0          0          0          0   _printf_n.o
         6          0          0          0          0          0   _printf_o.o
       112          8          0          0          0        124   _printf_oct_int_ll.o
         6          0          0          0          0          0   _printf_p.o
        78          0          0          0          0        108   _printf_pad.o
         0          0          0          0          0          0   _printf_percent.o
         4          0          0          0          0          0   _printf_percent_end.o
         6          0          0          0          0          0   _printf_s.o
        82          0          0          0          0         80   _printf_str.o
        36          0          0          0          0         84   _printf_truncate.o
         6          0          0          0          0          0   _printf_u.o
        44          0          0          0          0        108   _printf_wchar.o
       188          6          8          0          0         92   _printf_wctomb.o
         6          0          0          0          0          0   _printf_x.o
        10          0          0          0          0         68   _sputc.o
       158          0          0          0          0         92   _strtoul.o
        64          0          0          0          0         92   _wcrtomb.o
        26          0          0          0          0         80   atoi.o
       220          4        148          0          0         96   bigflt0.o
      1910        128          0          0          0        672   btod.o
        24          4          0          0          0         84   c89printf.o
        12          0          0          0          0         72   exit.o
         8          0          0          0          0         68   ferror.o
         6          0          0          0          0        152   heapauxi.o
        44         10        272          0          0         76   lc_ctype_c.o
        44         10         28          0          0         76   lc_numeric_c.o
         2          0          0          0          0          0   libinit.o
        34          0          0          0          0          0   libinit2.o
         2          0          0          0          0          0   libshutdown.o
         2          0          0          0          0          0   libshutdown2.o
         8          4          0          0         96         68   libspace.o
       138          0          0          0          0         80   lludiv10.o
       238          0          0          0          0        100   lludivv7m.o
        16          4          0          0          0         76   rt_ctype_table.o
         8          4          0          0          0         68   rt_errno_addr_intlibspace.o
         8          4          0          0          0         68   rt_locale_intlibspace.o
        68          0          0          0          0         68   rt_memclr.o
        78          0          0          0          0         80   rt_memclr_w.o
       138          0          0          0          0         68   rt_memcpy_v6.o
       100          0          0          0          0         80   rt_memcpy_w.o
         2          0          0          0          0          0   rtexit.o
        10          0          0          0          0          0   rtexit2.o
        24          0          0          0          0         68   strcat.o
       128          0          0          0          0         68   strcmpv7m.o
        32          0          0          0          0         80   strcspn.o
        62          0          0          0          0         76   strlen.o
        28          0          0          0          0         80   strspn.o
        36          0          0          0          0         80   strstr.o
        12          6          0          4          0         68   strtok.o
        68          4          0          0          0         84   strtok_int.o
       112          0          0          0          0         88   strtol.o
        74          0          0          0          0         80   sys_stackheap_outer.o
         2          0          0          0          0         68   use_no_semi.o
         2          0          0          0          0         68   use_no_semi_2.o
        10          0          0          0          0        116   fpinit.o
         4          0          0          0          0        116   printf1.o
         0          0          0          0          0          0   usenofp.o
        48          0          0          0          0        124   fpclassify.o

    ----------------------------------------------------------------------
      7344        280        516          4        100       5792   Library Totals
        16          0          3          0          4          0   (incl. Padding)

    ----------------------------------------------------------------------

      Code (inc. data)   RO Data    RW Data    ZI Data      Debug   Library Name

      7266        280        513          4         96       5436   c_w.l
        14          0          0          0          0        232   fz_wm.l
        48          0          0          0          0        124   m_wm.l

    ----------------------------------------------------------------------
      7344        280        516          4        100       5792   Library Totals

    ----------------------------------------------------------------------

==============================================================================


      Code (inc. data)   RO Data    RW Data    ZI Data      Debug   

     55496       4366       2984      15196      77692     611185   Grand Totals
     55496       4366       2984       2504      77692     611185   ELF Image Totals (compressed)
     55496       4366       2984       2504          0          0   ROM Totals

==============================================================================

    Total RO  Size (Code + RO Data)                58480 (  57.11kB)
    Total RW  Size (RW Data + ZI Data)             92888 (  90.71kB)
    Total ROM Size (Code + RO Data + RW Data)      60984 (  59.55kB)

==============================================================================

